Picked up JAVA_TOOL_OPTIONS: -Dfile.encoding=UTF-8
启动本地服务器：starccm+.bat -server  -xencoded-session QzovVXNlcnMvS29nYW1pL2NiX2RsL3Rtci9ydW4xL2ZsYXRwbGF0ZV9mdWxsMi5zaW0=
Serial process 18876

Simcenter STAR-CCM+ 2402 Build 19.02.009 (win64/clang15.0vc14.2-r8)

License build date: 16 February 2023
This version of the code requires license version 2024.02 or greater.
Checking license file: C:\Users\Kogami\license.dat
Checking license file: C:/Users/Kogami/license.dat
Checking license file: D:\STAR CCM\17.04.008-R8\license.dat
Unable to list features for license file D:\STAR CCM\17.04.008-R8\license.dat.
1 copy of ccmpsuite checked out from C:\Users\Kogami\license.dat
Feature ccmpsuite does not expire
Mon Sep 21 09:20:45 2026

Server::start -host Jerry:47827
Loading: C:/Users/Kogami/cb_dl/tmr/run1/flatplate_full2.sim
Loading module: Mapping
Loading module: CaeIOCgns
Loading module: SegregatedFlowModel
Loading module: SegregatedEnergyModel
Loading module: KwTurbModel
Saved by:
  Simcenter STAR-CCM+ 2402 Build 19.02.009 (win64/clang15.0vc14.2-r8) Serial 
正在播放宏： C:\Users\Kogami\cb_dl\tmr\run1\final_.java
FN-START
FN-1-MAG-OK
FN-2-DIR-CLS: star.flow.FlowDirectionOption
FN-2-DIR-SET
FN-3-MAXIT
Loading/configuring connectivity (old|new partitions: 1|1)
  Zone   1 2 (index 1): 646 cells, 1239 faces, 700 verts.
  Zone   1 3 (index 2): 19 cells, 18 faces, 40 verts.
  Zone   1 4 (index 3): 19 cells, 18 faces, 40 verts.
  Zone   1 5 (index 4): 34 cells, 33 faces, 70 verts.
  Zone   1 6 (index 5): 646 cells, 1239 faces, 700 verts.
Configuring finished
Initialization of star.flow.EffectiveViscosityModel requires an additional pass...
Initialization of star.flow.EffectiveViscositySolver requires an additional pass...
Zero-area face(s); area adjusted for 647 faces in Zone   1 2
Error in metrics computation.
Reason(s):
646 cells in region [Zone   1 2] have zero or negative volume. Use the "Volume" field function to identify these cells.
Please repair the mesh before proceeding.
Command: RunSimulation
   error: 服务器错误
FN-4-INIT-ERR: Error in metrics computation.
Reason(s):
646 cells in region [Zone   1 2] have zero or negative volume. Use the "Volume" field function to identify these cells.
Please repair the mesh before proceeding.
Command: RunSimulation
   command: CommandComplete
   error: 服务器错误

Saving: C:/Users/Kogami/cb_dl/tmr/run1/flatplate_ready.sim... complete (912.42KB in 0.085s).
FN-SAVED
Initialization of star.flow.EffectiveViscosityModel requires an additional pass...
Initialization of star.flow.EffectiveViscositySolver requires an additional pass...
Wall distance limited to 1e-06 on 532 cells in Zone   1 2
WARNING: insufficient precision on multigrid level 1, nRows = 167
         AMG coarsening halted.
A floating point error has occurred. The following error has been logged:
  Detected a non-finite value in AMG Residual.
Please check your usage and inputs.
Command: RunSimulation
   error: 服务器错误
FN-5-RUN-ERR: A floating point error has occurred. The following error has been logged:
  Detected a non-finite value in AMG Residual.
Please check your usage and inputs.
Command: RunSimulation
   command: CommandComplete
   error: 服务器错误

FN-DONE
Design Simcenter STAR-CCM+ simulation completed
服务器流程退出：程序 16
