test_document_and_clause_reference_boundaries_cover_public_and_hidden (tests.test_field_input_contract.FieldInputContractTests.test_document_and_clause_reference_boundaries_cover_public_and_hidden) ... 
  test_document_and_clause_reference_boundaries_cover_public_and_hidden (tests.test_field_input_contract.FieldInputContractTests.test_document_and_clause_reference_boundaries_cover_public_and_hidden) (task='awc_acam_h01') ... FAIL
  test_document_and_clause_reference_boundaries_cover_public_and_hidden (tests.test_field_input_contract.FieldInputContractTests.test_document_and_clause_reference_boundaries_cover_public_and_hidden) (task='awc_acam_h02') ... FAIL
  test_document_and_clause_reference_boundaries_cover_public_and_hidden (tests.test_field_input_contract.FieldInputContractTests.test_document_and_clause_reference_boundaries_cover_public_and_hidden) (task='awc_acam_h03') ... FAIL
  test_document_and_clause_reference_boundaries_cover_public_and_hidden (tests.test_field_input_contract.FieldInputContractTests.test_document_and_clause_reference_boundaries_cover_public_and_hidden) (task='awc_acam_h04') ... FAIL
  test_document_and_clause_reference_boundaries_cover_public_and_hidden (tests.test_field_input_contract.FieldInputContractTests.test_document_and_clause_reference_boundaries_cover_public_and_hidden) (task='awc_acam_h05') ... FAIL
  test_document_and_clause_reference_boundaries_cover_public_and_hidden (tests.test_field_input_contract.FieldInputContractTests.test_document_and_clause_reference_boundaries_cover_public_and_hidden) (task='awc_acam_h06') ... FAIL
  test_document_and_clause_reference_boundaries_cover_public_and_hidden (tests.test_field_input_contract.FieldInputContractTests.test_document_and_clause_reference_boundaries_cover_public_and_hidden) (task='awc_acam_h07') ... FAIL
  test_document_and_clause_reference_boundaries_cover_public_and_hidden (tests.test_field_input_contract.FieldInputContractTests.test_document_and_clause_reference_boundaries_cover_public_and_hidden) (task='awc_acam_h08') ... FAIL
  test_document_and_clause_reference_boundaries_cover_public_and_hidden (tests.test_field_input_contract.FieldInputContractTests.test_document_and_clause_reference_boundaries_cover_public_and_hidden) (task='awc_acam_h09') ... FAIL
  test_document_and_clause_reference_boundaries_cover_public_and_hidden (tests.test_field_input_contract.FieldInputContractTests.test_document_and_clause_reference_boundaries_cover_public_and_hidden) (task='awc_acam_h10') ... FAIL
  test_document_and_clause_reference_boundaries_cover_public_and_hidden (tests.test_field_input_contract.FieldInputContractTests.test_document_and_clause_reference_boundaries_cover_public_and_hidden) (task='awc_acam_h11') ... FAIL
  test_document_and_clause_reference_boundaries_cover_public_and_hidden (tests.test_field_input_contract.FieldInputContractTests.test_document_and_clause_reference_boundaries_cover_public_and_hidden) (task='awc_acam_h12') ... FAIL
  test_document_and_clause_reference_boundaries_cover_public_and_hidden (tests.test_field_input_contract.FieldInputContractTests.test_document_and_clause_reference_boundaries_cover_public_and_hidden) (task='awc_acam_h13') ... FAIL
  test_document_and_clause_reference_boundaries_cover_public_and_hidden (tests.test_field_input_contract.FieldInputContractTests.test_document_and_clause_reference_boundaries_cover_public_and_hidden) (task='awc_acam_h14') ... FAIL
  test_document_and_clause_reference_boundaries_cover_public_and_hidden (tests.test_field_input_contract.FieldInputContractTests.test_document_and_clause_reference_boundaries_cover_public_and_hidden) (task='awc_acam_h15') ... FAIL
  test_document_and_clause_reference_boundaries_cover_public_and_hidden (tests.test_field_input_contract.FieldInputContractTests.test_document_and_clause_reference_boundaries_cover_public_and_hidden) (task='awc_trc_h01') ... FAIL
  test_document_and_clause_reference_boundaries_cover_public_and_hidden (tests.test_field_input_contract.FieldInputContractTests.test_document_and_clause_reference_boundaries_cover_public_and_hidden) (task='awc_trc_h02') ... FAIL
  test_document_and_clause_reference_boundaries_cover_public_and_hidden (tests.test_field_input_contract.FieldInputContractTests.test_document_and_clause_reference_boundaries_cover_public_and_hidden) (task='awc_trc_h03') ... FAIL
  test_document_and_clause_reference_boundaries_cover_public_and_hidden (tests.test_field_input_contract.FieldInputContractTests.test_document_and_clause_reference_boundaries_cover_public_and_hidden) (task='awc_trc_h04') ... FAIL
  test_document_and_clause_reference_boundaries_cover_public_and_hidden (tests.test_field_input_contract.FieldInputContractTests.test_document_and_clause_reference_boundaries_cover_public_and_hidden) (task='awc_trc_h05') ... FAIL
  test_document_and_clause_reference_boundaries_cover_public_and_hidden (tests.test_field_input_contract.FieldInputContractTests.test_document_and_clause_reference_boundaries_cover_public_and_hidden) (task='awc_trc_h06') ... FAIL
  test_document_and_clause_reference_boundaries_cover_public_and_hidden (tests.test_field_input_contract.FieldInputContractTests.test_document_and_clause_reference_boundaries_cover_public_and_hidden) (task='awc_trc_h07') ... FAIL
  test_document_and_clause_reference_boundaries_cover_public_and_hidden (tests.test_field_input_contract.FieldInputContractTests.test_document_and_clause_reference_boundaries_cover_public_and_hidden) (task='awc_trc_h08') ... FAIL
  test_document_and_clause_reference_boundaries_cover_public_and_hidden (tests.test_field_input_contract.FieldInputContractTests.test_document_and_clause_reference_boundaries_cover_public_and_hidden) (task='awc_trc_h09') ... FAIL
  test_document_and_clause_reference_boundaries_cover_public_and_hidden (tests.test_field_input_contract.FieldInputContractTests.test_document_and_clause_reference_boundaries_cover_public_and_hidden) (task='awc_trc_h10') ... FAIL
  test_document_and_clause_reference_boundaries_cover_public_and_hidden (tests.test_field_input_contract.FieldInputContractTests.test_document_and_clause_reference_boundaries_cover_public_and_hidden) (task='awc_trc_h11') ... FAIL
  test_document_and_clause_reference_boundaries_cover_public_and_hidden (tests.test_field_input_contract.FieldInputContractTests.test_document_and_clause_reference_boundaries_cover_public_and_hidden) (task='awc_trc_h12') ... FAIL
  test_document_and_clause_reference_boundaries_cover_public_and_hidden (tests.test_field_input_contract.FieldInputContractTests.test_document_and_clause_reference_boundaries_cover_public_and_hidden) (task='awc_trc_h13') ... FAIL
  test_document_and_clause_reference_boundaries_cover_public_and_hidden (tests.test_field_input_contract.FieldInputContractTests.test_document_and_clause_reference_boundaries_cover_public_and_hidden) (task='awc_trc_h14') ... FAIL
  test_document_and_clause_reference_boundaries_cover_public_and_hidden (tests.test_field_input_contract.FieldInputContractTests.test_document_and_clause_reference_boundaries_cover_public_and_hidden) (task='awc_trc_h15') ... FAIL
  test_document_and_clause_reference_boundaries_cover_public_and_hidden (tests.test_field_input_contract.FieldInputContractTests.test_document_and_clause_reference_boundaries_cover_public_and_hidden) (task='awc_acam_01') ... FAIL
  test_document_and_clause_reference_boundaries_cover_public_and_hidden (tests.test_field_input_contract.FieldInputContractTests.test_document_and_clause_reference_boundaries_cover_public_and_hidden) (task='awc_acam_02') ... FAIL
  test_document_and_clause_reference_boundaries_cover_public_and_hidden (tests.test_field_input_contract.FieldInputContractTests.test_document_and_clause_reference_boundaries_cover_public_and_hidden) (task='awc_acam_03') ... FAIL
  test_document_and_clause_reference_boundaries_cover_public_and_hidden (tests.test_field_input_contract.FieldInputContractTests.test_document_and_clause_reference_boundaries_cover_public_and_hidden) (task='awc_acam_04') ... FAIL
  test_document_and_clause_reference_boundaries_cover_public_and_hidden (tests.test_field_input_contract.FieldInputContractTests.test_document_and_clause_reference_boundaries_cover_public_and_hidden) (task='awc_acam_05') ... FAIL
  test_document_and_clause_reference_boundaries_cover_public_and_hidden (tests.test_field_input_contract.FieldInputContractTests.test_document_and_clause_reference_boundaries_cover_public_and_hidden) (task='awc_trc_01') ... FAIL
  test_document_and_clause_reference_boundaries_cover_public_and_hidden (tests.test_field_input_contract.FieldInputContractTests.test_document_and_clause_reference_boundaries_cover_public_and_hidden) (task='awc_trc_02') ... FAIL
  test_document_and_clause_reference_boundaries_cover_public_and_hidden (tests.test_field_input_contract.FieldInputContractTests.test_document_and_clause_reference_boundaries_cover_public_and_hidden) (task='awc_trc_03') ... FAIL
  test_document_and_clause_reference_boundaries_cover_public_and_hidden (tests.test_field_input_contract.FieldInputContractTests.test_document_and_clause_reference_boundaries_cover_public_and_hidden) (task='awc_trc_04') ... FAIL
  test_document_and_clause_reference_boundaries_cover_public_and_hidden (tests.test_field_input_contract.FieldInputContractTests.test_document_and_clause_reference_boundaries_cover_public_and_hidden) (task='awc_trc_05') ... FAIL
test_family_and_section_boundaries_are_explicit (tests.test_field_input_contract.FieldInputContractTests.test_family_and_section_boundaries_are_explicit) ... 
  test_family_and_section_boundaries_are_explicit (tests.test_field_input_contract.FieldInputContractTests.test_family_and_section_boundaries_are_explicit) (task='awx_ce_01') ... FAIL
  test_family_and_section_boundaries_are_explicit (tests.test_field_input_contract.FieldInputContractTests.test_family_and_section_boundaries_are_explicit) (task='awx_ce_02') ... FAIL
  test_family_and_section_boundaries_are_explicit (tests.test_field_input_contract.FieldInputContractTests.test_family_and_section_boundaries_are_explicit) (task='awx_ce_03') ... FAIL
  test_family_and_section_boundaries_are_explicit (tests.test_field_input_contract.FieldInputContractTests.test_family_and_section_boundaries_are_explicit) (task='awx_ce_04') ... FAIL
  test_family_and_section_boundaries_are_explicit (tests.test_field_input_contract.FieldInputContractTests.test_family_and_section_boundaries_are_explicit) (task='awx_ce_05') ... FAIL
  test_family_and_section_boundaries_are_explicit (tests.test_field_input_contract.FieldInputContractTests.test_family_and_section_boundaries_are_explicit) (task='awx_ce_06') ... FAIL
  test_family_and_section_boundaries_are_explicit (tests.test_field_input_contract.FieldInputContractTests.test_family_and_section_boundaries_are_explicit) (task='awx_ce_07') ... FAIL
  test_family_and_section_boundaries_are_explicit (tests.test_field_input_contract.FieldInputContractTests.test_family_and_section_boundaries_are_explicit) (task='awx_ce_08') ... FAIL
  test_family_and_section_boundaries_are_explicit (tests.test_field_input_contract.FieldInputContractTests.test_family_and_section_boundaries_are_explicit) (task='awx_ce_09') ... FAIL
  test_family_and_section_boundaries_are_explicit (tests.test_field_input_contract.FieldInputContractTests.test_family_and_section_boundaries_are_explicit) (task='awx_ce_10') ... FAIL
  test_family_and_section_boundaries_are_explicit (tests.test_field_input_contract.FieldInputContractTests.test_family_and_section_boundaries_are_explicit) (task='awx_ce_11') ... FAIL
  test_family_and_section_boundaries_are_explicit (tests.test_field_input_contract.FieldInputContractTests.test_family_and_section_boundaries_are_explicit) (task='awx_ce_12') ... FAIL
FAIL: test_document_and_clause_reference_boundaries_cover_public_and_hidden (tests.test_field_input_contract.FieldInputContractTests.test_document_and_clause_reference_boundaries_cover_public_and_hidden) (task='awc_acam_h01')
FAIL: test_document_and_clause_reference_boundaries_cover_public_and_hidden (tests.test_field_input_contract.FieldInputContractTests.test_document_and_clause_reference_boundaries_cover_public_and_hidden) (task='awc_acam_h02')
FAIL: test_document_and_clause_reference_boundaries_cover_public_and_hidden (tests.test_field_input_contract.FieldInputContractTests.test_document_and_clause_reference_boundaries_cover_public_and_hidden) (task='awc_acam_h03')
FAIL: test_document_and_clause_reference_boundaries_cover_public_and_hidden (tests.test_field_input_contract.FieldInputContractTests.test_document_and_clause_reference_boundaries_cover_public_and_hidden) (task='awc_acam_h04')
FAIL: test_document_and_clause_reference_boundaries_cover_public_and_hidden (tests.test_field_input_contract.FieldInputContractTests.test_document_and_clause_reference_boundaries_cover_public_and_hidden) (task='awc_acam_h05')
FAIL: test_document_and_clause_reference_boundaries_cover_public_and_hidden (tests.test_field_input_contract.FieldInputContractTests.test_document_and_clause_reference_boundaries_cover_public_and_hidden) (task='awc_acam_h06')
FAIL: test_document_and_clause_reference_boundaries_cover_public_and_hidden (tests.test_field_input_contract.FieldInputContractTests.test_document_and_clause_reference_boundaries_cover_public_and_hidden) (task='awc_acam_h07')
FAIL: test_document_and_clause_reference_boundaries_cover_public_and_hidden (tests.test_field_input_contract.FieldInputContractTests.test_document_and_clause_reference_boundaries_cover_public_and_hidden) (task='awc_acam_h08')
FAIL: test_document_and_clause_reference_boundaries_cover_public_and_hidden (tests.test_field_input_contract.FieldInputContractTests.test_document_and_clause_reference_boundaries_cover_public_and_hidden) (task='awc_acam_h09')
FAIL: test_document_and_clause_reference_boundaries_cover_public_and_hidden (tests.test_field_input_contract.FieldInputContractTests.test_document_and_clause_reference_boundaries_cover_public_and_hidden) (task='awc_acam_h10')
FAIL: test_document_and_clause_reference_boundaries_cover_public_and_hidden (tests.test_field_input_contract.FieldInputContractTests.test_document_and_clause_reference_boundaries_cover_public_and_hidden) (task='awc_acam_h11')
FAIL: test_document_and_clause_reference_boundaries_cover_public_and_hidden (tests.test_field_input_contract.FieldInputContractTests.test_document_and_clause_reference_boundaries_cover_public_and_hidden) (task='awc_acam_h12')
FAIL: test_document_and_clause_reference_boundaries_cover_public_and_hidden (tests.test_field_input_contract.FieldInputContractTests.test_document_and_clause_reference_boundaries_cover_public_and_hidden) (task='awc_acam_h13')
FAIL: test_document_and_clause_reference_boundaries_cover_public_and_hidden (tests.test_field_input_contract.FieldInputContractTests.test_document_and_clause_reference_boundaries_cover_public_and_hidden) (task='awc_acam_h14')
FAIL: test_document_and_clause_reference_boundaries_cover_public_and_hidden (tests.test_field_input_contract.FieldInputContractTests.test_document_and_clause_reference_boundaries_cover_public_and_hidden) (task='awc_acam_h15')
FAIL: test_document_and_clause_reference_boundaries_cover_public_and_hidden (tests.test_field_input_contract.FieldInputContractTests.test_document_and_clause_reference_boundaries_cover_public_and_hidden) (task='awc_trc_h01')
FAIL: test_document_and_clause_reference_boundaries_cover_public_and_hidden (tests.test_field_input_contract.FieldInputContractTests.test_document_and_clause_reference_boundaries_cover_public_and_hidden) (task='awc_trc_h02')
FAIL: test_document_and_clause_reference_boundaries_cover_public_and_hidden (tests.test_field_input_contract.FieldInputContractTests.test_document_and_clause_reference_boundaries_cover_public_and_hidden) (task='awc_trc_h03')
FAIL: test_document_and_clause_reference_boundaries_cover_public_and_hidden (tests.test_field_input_contract.FieldInputContractTests.test_document_and_clause_reference_boundaries_cover_public_and_hidden) (task='awc_trc_h04')
FAIL: test_document_and_clause_reference_boundaries_cover_public_and_hidden (tests.test_field_input_contract.FieldInputContractTests.test_document_and_clause_reference_boundaries_cover_public_and_hidden) (task='awc_trc_h05')
FAIL: test_document_and_clause_reference_boundaries_cover_public_and_hidden (tests.test_field_input_contract.FieldInputContractTests.test_document_and_clause_reference_boundaries_cover_public_and_hidden) (task='awc_trc_h06')
FAIL: test_document_and_clause_reference_boundaries_cover_public_and_hidden (tests.test_field_input_contract.FieldInputContractTests.test_document_and_clause_reference_boundaries_cover_public_and_hidden) (task='awc_trc_h07')
FAIL: test_document_and_clause_reference_boundaries_cover_public_and_hidden (tests.test_field_input_contract.FieldInputContractTests.test_document_and_clause_reference_boundaries_cover_public_and_hidden) (task='awc_trc_h08')
FAIL: test_document_and_clause_reference_boundaries_cover_public_and_hidden (tests.test_field_input_contract.FieldInputContractTests.test_document_and_clause_reference_boundaries_cover_public_and_hidden) (task='awc_trc_h09')
FAIL: test_document_and_clause_reference_boundaries_cover_public_and_hidden (tests.test_field_input_contract.FieldInputContractTests.test_document_and_clause_reference_boundaries_cover_public_and_hidden) (task='awc_trc_h10')
FAIL: test_document_and_clause_reference_boundaries_cover_public_and_hidden (tests.test_field_input_contract.FieldInputContractTests.test_document_and_clause_reference_boundaries_cover_public_and_hidden) (task='awc_trc_h11')
FAIL: test_document_and_clause_reference_boundaries_cover_public_and_hidden (tests.test_field_input_contract.FieldInputContractTests.test_document_and_clause_reference_boundaries_cover_public_and_hidden) (task='awc_trc_h12')
FAIL: test_document_and_clause_reference_boundaries_cover_public_and_hidden (tests.test_field_input_contract.FieldInputContractTests.test_document_and_clause_reference_boundaries_cover_public_and_hidden) (task='awc_trc_h13')
FAIL: test_document_and_clause_reference_boundaries_cover_public_and_hidden (tests.test_field_input_contract.FieldInputContractTests.test_document_and_clause_reference_boundaries_cover_public_and_hidden) (task='awc_trc_h14')
FAIL: test_document_and_clause_reference_boundaries_cover_public_and_hidden (tests.test_field_input_contract.FieldInputContractTests.test_document_and_clause_reference_boundaries_cover_public_and_hidden) (task='awc_trc_h15')
FAIL: test_document_and_clause_reference_boundaries_cover_public_and_hidden (tests.test_field_input_contract.FieldInputContractTests.test_document_and_clause_reference_boundaries_cover_public_and_hidden) (task='awc_acam_01')
FAIL: test_document_and_clause_reference_boundaries_cover_public_and_hidden (tests.test_field_input_contract.FieldInputContractTests.test_document_and_clause_reference_boundaries_cover_public_and_hidden) (task='awc_acam_02')
FAIL: test_document_and_clause_reference_boundaries_cover_public_and_hidden (tests.test_field_input_contract.FieldInputContractTests.test_document_and_clause_reference_boundaries_cover_public_and_hidden) (task='awc_acam_03')
FAIL: test_document_and_clause_reference_boundaries_cover_public_and_hidden (tests.test_field_input_contract.FieldInputContractTests.test_document_and_clause_reference_boundaries_cover_public_and_hidden) (task='awc_acam_04')
FAIL: test_document_and_clause_reference_boundaries_cover_public_and_hidden (tests.test_field_input_contract.FieldInputContractTests.test_document_and_clause_reference_boundaries_cover_public_and_hidden) (task='awc_acam_05')
FAIL: test_document_and_clause_reference_boundaries_cover_public_and_hidden (tests.test_field_input_contract.FieldInputContractTests.test_document_and_clause_reference_boundaries_cover_public_and_hidden) (task='awc_trc_01')
FAIL: test_document_and_clause_reference_boundaries_cover_public_and_hidden (tests.test_field_input_contract.FieldInputContractTests.test_document_and_clause_reference_boundaries_cover_public_and_hidden) (task='awc_trc_02')
FAIL: test_document_and_clause_reference_boundaries_cover_public_and_hidden (tests.test_field_input_contract.FieldInputContractTests.test_document_and_clause_reference_boundaries_cover_public_and_hidden) (task='awc_trc_03')
FAIL: test_document_and_clause_reference_boundaries_cover_public_and_hidden (tests.test_field_input_contract.FieldInputContractTests.test_document_and_clause_reference_boundaries_cover_public_and_hidden) (task='awc_trc_04')
FAIL: test_document_and_clause_reference_boundaries_cover_public_and_hidden (tests.test_field_input_contract.FieldInputContractTests.test_document_and_clause_reference_boundaries_cover_public_and_hidden) (task='awc_trc_05')
FAIL: test_family_and_section_boundaries_are_explicit (tests.test_field_input_contract.FieldInputContractTests.test_family_and_section_boundaries_are_explicit) (task='awx_ce_01')
FAIL: test_family_and_section_boundaries_are_explicit (tests.test_field_input_contract.FieldInputContractTests.test_family_and_section_boundaries_are_explicit) (task='awx_ce_02')
FAIL: test_family_and_section_boundaries_are_explicit (tests.test_field_input_contract.FieldInputContractTests.test_family_and_section_boundaries_are_explicit) (task='awx_ce_03')
FAIL: test_family_and_section_boundaries_are_explicit (tests.test_field_input_contract.FieldInputContractTests.test_family_and_section_boundaries_are_explicit) (task='awx_ce_04')
FAIL: test_family_and_section_boundaries_are_explicit (tests.test_field_input_contract.FieldInputContractTests.test_family_and_section_boundaries_are_explicit) (task='awx_ce_05')
FAIL: test_family_and_section_boundaries_are_explicit (tests.test_field_input_contract.FieldInputContractTests.test_family_and_section_boundaries_are_explicit) (task='awx_ce_06')
FAIL: test_family_and_section_boundaries_are_explicit (tests.test_field_input_contract.FieldInputContractTests.test_family_and_section_boundaries_are_explicit) (task='awx_ce_07')
FAIL: test_family_and_section_boundaries_are_explicit (tests.test_field_input_contract.FieldInputContractTests.test_family_and_section_boundaries_are_explicit) (task='awx_ce_08')
FAIL: test_family_and_section_boundaries_are_explicit (tests.test_field_input_contract.FieldInputContractTests.test_family_and_section_boundaries_are_explicit) (task='awx_ce_09')
FAIL: test_family_and_section_boundaries_are_explicit (tests.test_field_input_contract.FieldInputContractTests.test_family_and_section_boundaries_are_explicit) (task='awx_ce_10')
FAIL: test_family_and_section_boundaries_are_explicit (tests.test_field_input_contract.FieldInputContractTests.test_family_and_section_boundaries_are_explicit) (task='awx_ce_11')
FAIL: test_family_and_section_boundaries_are_explicit (tests.test_field_input_contract.FieldInputContractTests.test_family_and_section_boundaries_are_explicit) (task='awx_ce_12')
Ran 2 tests in 0.045s
FAILED (failures=52)
Details suppressed: assertion diagnostics must not persist hidden prompt bodies.
