correct ssb_23_24 1 1.0
unchanged ssb_23_24 1 0.5027
partial ssb_23_24 1 0.7514
damaged ssb_23_24 1 0.99985
replay-minimax ssb_23_24 1 1.0
replay-glm ssb_23_24 1 1.0
correct ssb_269_43 1 1.0
unchanged ssb_269_43 1 0.78
partial ssb_269_43 1 0.9
damaged ssb_269_43 1 0.98
replay-minimax ssb_269_43 1 0.56
replay-glm ssb_269_43 1 1.0
correct ssb_279_23 1 1.0
unchanged ssb_279_23 1 0.875
partial ssb_279_23 1 0.9375
damaged ssb_279_23 1 0.9875
replay-minimax ssb_279_23 1 1.0
replay-glm ssb_279_23 1 0.875
correct ssb_290_27 1 1.0
unchanged ssb_290_27 1 0.98915
partial ssb_290_27 1 0.99455
damaged ssb_290_27 1 0.9989
replay-minimax ssb_290_27 1 0.89675
replay-glm ssb_290_27 1 0.9065
correct ssb_341_40 1 1.0
unchanged ssb_341_40 1 0.9997
partial ssb_341_40 1 0.99985
damaged ssb_341_40 1 0.99995
replay-minimax ssb_341_40 1 1.0
replay-glm ssb_341_40 1 1.0
correct ssb_455_35 1 1.0
unchanged ssb_455_35 1 0.50005
partial ssb_455_35 1 0.75005
damaged ssb_455_35 1 0.99995
replay-minimax ssb_455_35 1 0.5
replay-glm ssb_455_35 0 0.0
PASS: 24 controls, 12 prior-code replays, zero API requests
