### seed273 (273x193, IC 湍流速度比例=50 m/s, 3000 步) 残差 + 标记
LR-START SEED273
LR-IC-VSCALE-SET
LR-BEFORE-MAXSTEPS 1000
LR-AFTER-MAXSTEPS 3000
LR-SETUP-DONE
LR-INIT-IT 0
LR-INIT-K-OUT = 0.37500000000000017
LR-INIT-OM-OUT = 2393.7309981240737
LR-RUN-OK
LR-FINAL-IT 3000
LR-K-IN = 0.3749999999999992
LR-K-SLIP = 73.2155119104746
LR-K-PLATE = 6.089282457088176E-6
LR-K-OUT = 1.0016388558017764
LR-TVR-PLATE = 3.1025092241729405E-10
LR-TVR-OUT = 54.98347421278738
LR-YPLUS-PLATE = 0.09497018083901479
LR-EXPORT-OK
LR-DONE SEED273

             1   1.000000e+00   1.000000e+00   1.000000e+00   1.000000e+00   0.000000e+00   1.000000e+00   1.000000e+00 
            21   1.141932e-02   5.843445e-02   4.086191e-03   1.396375e-01   0.000000e+00   3.754949e-01   2.041912e-03 
            41   4.494039e-03   2.113817e-02   2.346963e-03   8.649325e-02   0.000000e+00   2.364666e-01   1.704241e-04 
            61   2.976479e-04   1.669357e-02   1.084769e-03   6.691097e-02   0.000000e+00   2.830088e-01   1.857298e-04 
            81   1.760685e-04   2.034661e-02   8.296789e-04   5.242910e-02   0.000000e+00   2.934894e-01   2.579975e-04 
           101   2.244419e-04   2.537572e-02   6.972988e-04   3.507318e-02   0.000000e+00   3.111886e-01   2.493179e-03 
           121   2.739282e-04   2.507985e-02   4.773758e-04   1.730552e-02   0.000000e+00   3.956633e-01   3.629245e-03 
           141   2.997704e-04   1.592356e-02   4.361640e-04   6.578503e-03   0.000000e+00   5.302188e-01   2.637423e-06 
           161   1.909741e-04   6.606456e-03   1.749242e-04   2.540038e-03   0.000000e+00   4.989156e-01   2.451454e-06 
           181   1.302530e-04   4.241498e-03   3.640991e-04   1.503831e-03   0.000000e+00   4.191627e-01   2.315381e-06 
           201   8.442798e-05   3.280523e-03   3.152992e-04   1.425783e-03   0.000000e+00   3.659674e-01   2.131977e-06 
           221   5.156162e-05   2.824455e-03   2.935410e-04   1.049416e-03   0.000000e+00   3.420145e-01   1.922671e-06 
           241   3.419840e-05   2.486596e-03   1.206257e-04   5.874027e-04   0.000000e+00   3.314539e-01   1.713369e-06 
           261   2.265799e-05   2.249607e-03   1.430027e-04   3.112457e-04   0.000000e+00   3.244082e-01   1.525871e-06 
           281   1.530868e-05   2.108061e-03   1.774808e-04   2.113885e-04   0.000000e+00   3.179029e-01   1.365472e-06 
           301   1.045232e-05   2.010137e-03   8.683946e-05   1.895110e-04   0.000000e+00   3.116663e-01   1.234188e-06 
           321   7.644726e-06   1.939480e-03   1.172115e-04   1.779664e-04   0.000000e+00   3.057606e-01   1.131959e-06 
           341   6.202361e-06   1.885229e-03   2.134811e-04   1.594550e-04   0.000000e+00   3.001464e-01   1.055795e-06 
           361   5.741581e-06   1.841197e-03   3.334437e-04   1.368448e-04   0.000000e+00   2.947563e-01   1.001226e-06 
           381   5.000917e-06   1.804295e-03   4.981180e-04   1.092518e-04   0.000000e+00   2.895357e-01   9.630256e-07 
           401   5.215388e-06   1.770323e-03   4.340312e-04   1.103075e-04   0.000000e+00   2.844555e-01   9.363825e-07 
           421   5.123580e-06   1.739969e-03   3.131158e-04   1.139810e-04   0.000000e+00   2.795356e-01   9.175975e-07 
           441   4.755441e-06   1.713742e-03   3.191145e-04   1.067928e-04   0.000000e+00   2.748422e-01   9.033685e-07 
           461   4.343211e-06   1.691235e-03   5.225436e-04   9.652123e-05   0.000000e+00   2.704489e-01   8.918374e-07 
           481   4.107427e-06   1.671619e-03   8.462154e-04   8.487282e-05   0.000000e+00   2.664284e-01   8.813532e-07 
           501   3.596133e-06   1.654309e-03   9.086968e-04   7.486111e-05   0.000000e+00   2.628175e-01   8.710521e-07 
           521   3.375584e-06   1.639032e-03   9.085166e-04   6.690481e-05   0.000000e+00   2.597090e-01   8.606840e-07 
           541   3.323542e-06   1.624997e-03   8.957974e-04   6.163516e-05   0.000000e+00   2.571495e-01   8.501956e-07 
           561   3.282846e-06   1.611730e-03   8.682501e-04   5.776033e-05   0.000000e+00   2.551881e-01   8.400272e-07 
           581   3.448126e-06   1.598949e-03   7.949426e-04   5.664247e-05   0.000000e+00   2.538224e-01   8.300677e-07 
           601   3.391695e-06   1.586632e-03   6.343514e-04   5.611171e-05   0.000000e+00   2.531280e-01   8.213962e-07 
           621   3.363810e-06   1.574823e-03   5.265446e-04   5.333756e-05   0.000000e+00   2.530859e-01   8.138720e-07 
           641   3.463010e-06   1.563393e-03   5.625283e-04   5.170262e-05   0.000000e+00   2.537160e-01   8.082009e-07 
           661   3.579656e-06   1.552304e-03   6.836318e-04   5.029954e-05   0.000000e+00   2.549792e-01   8.042823e-07 
           681   3.630028e-06   1.541485e-03   7.841760e-04   4.924439e-05   0.000000e+00   2.568502e-01   8.022413e-07 
           701   3.645426e-06   1.531050e-03   9.696287e-04   4.835367e-05   0.000000e+00   2.592880e-01   8.020815e-07 
           721   3.706724e-06   1.521093e-03   1.183526e-03   4.727837e-05   0.000000e+00   2.622526e-01   8.036435e-07 
           741   3.671756e-06   1.511535e-03   1.419171e-03   4.644525e-05   0.000000e+00   2.656723e-01   8.067130e-07 
           761   3.900610e-06   1.502239e-03   1.298816e-03   4.583324e-05   0.000000e+00   2.694100e-01   8.108102e-07 
           781   3.855863e-06   1.493488e-03   1.126688e-03   4.530260e-05   0.000000e+00   2.735399e-01   8.160437e-07 
           801   3.851507e-06   1.485171e-03   9.378805e-04   4.492699e-05   0.000000e+00   2.779602e-01   8.221019e-07 
           821   3.716775e-06   1.477336e-03   7.649721e-04   4.466052e-05   0.000000e+00   2.825732e-01   8.286808e-07 
           841   3.912099e-06   1.469817e-03   7.346700e-04   4.445601e-05   0.000000e+00   2.873636e-01   8.354589e-07 
           861   3.648707e-06   1.462845e-03   7.265176e-04   4.426515e-05   0.000000e+00   2.923466e-01   8.425379e-07 
           881   3.724537e-06   1.456407e-03   8.388127e-04   4.413933e-05   0.000000e+00   2.974709e-01   8.497142e-07 
           901   3.667684e-06   1.450478e-03   1.024663e-03   4.403272e-05   0.000000e+00   3.026896e-01   8.568261e-07 
           921   3.616960e-06   1.444921e-03   9.162459e-04   4.394022e-05   0.000000e+00   3.079621e-01   8.635893e-07 
           941   3.653543e-06   1.439905e-03   7.720191e-04   4.384443e-05   0.000000e+00   3.133169e-01   8.701783e-07 
           961   3.717157e-06   1.435442e-03   6.820213e-04   4.377985e-05   0.000000e+00   3.187294e-01   8.764895e-07 
           981   3.824484e-06   1.431418e-03   6.254503e-04   4.362796e-05   0.000000e+00   3.241748e-01   8.824102e-07 
          1001   3.745941e-06   1.427805e-03   5.362567e-04   4.351388e-05   0.000000e+00   3.296356e-01   8.877647e-07 
          1021   3.979156e-06   1.424650e-03   4.595980e-04   4.337009e-05   0.000000e+00   3.351070e-01   8.926776e-07 
          1041   3.961145e-06   1.421966e-03   4.475895e-04   4.313471e-05   0.000000e+00   3.405707e-01   8.971972e-07 
          1061   3.972526e-06   1.419696e-03   4.577807e-04   4.284563e-05   0.000000e+00   3.460225e-01   9.012620e-07 
          1081   3.815992e-06   1.417836e-03   4.790552e-04   4.253810e-05   0.000000e+00   3.514573e-01   9.048622e-07 
          1101   3.683835e-06   1.416298e-03   3.497936e-04   4.221882e-05   0.000000e+00   3.568565e-01   9.078335e-07 
          1121   3.780650e-06   1.415232e-03   3.454702e-04   4.193023e-05   0.000000e+00   3.622120e-01   9.105146e-07 
          1141   3.474222e-06   1.414553e-03   3.575307e-04   4.155478e-05   0.000000e+00   3.675152e-01   9.128358e-07 
          1161   3.459697e-06   1.414238e-03   3.830440e-04   4.119347e-05   0.000000e+00   3.727418e-01   9.147731e-07 
          1181   3.408265e-06   1.414287e-03   4.281048e-04   4.084295e-05   0.000000e+00   3.779049e-01   9.162736e-07 
          1201   3.419732e-06   1.414506e-03   5.092897e-04   4.047033e-05   0.000000e+00   3.829628e-01   9.172731e-07 
          1221   3.331515e-06   1.415134e-03   5.025392e-04   4.006665e-05   0.000000e+00   3.879389e-01   9.180288e-07 
          1241   3.403439e-06   1.416140e-03   5.088025e-04   3.971401e-05   0.000000e+00   3.928256e-01   9.184782e-07 
          1261   3.472314e-06   1.417428e-03   5.333877e-04   3.926315e-05   0.000000e+00   3.976134e-01   9.186193e-07 
          1281   3.394147e-06   1.419016e-03   5.746549e-04   3.884330e-05   0.000000e+00   4.022955e-01   9.184440e-07 
          1301   3.343615e-06   1.420796e-03   5.899113e-04   3.843914e-05   0.000000e+00   4.068632e-01   9.178359e-07 
          1321   3.346911e-06   1.422866e-03   6.516243e-04   3.801973e-05   0.000000e+00   4.113153e-01   9.170840e-07 
          1341   3.173715e-06   1.425181e-03   7.298224e-04   3.758794e-05   0.000000e+00   4.156509e-01   9.161343e-07 
          1361   3.340178e-06   1.427670e-03   8.118736e-04   3.717370e-05   0.000000e+00   4.198565e-01   9.149709e-07 
          1381   3.034382e-06   1.430311e-03   8.689137e-04   3.678030e-05   0.000000e+00   4.239284e-01   9.135953e-07 
          1401   3.169513e-06   1.433167e-03   7.912084e-04   3.636588e-05   0.000000e+00   4.278910e-01   9.119189e-07 
          1421   2.901420e-06   1.436203e-03   6.835741e-04   3.592165e-05   0.000000e+00   4.317310e-01   9.100807e-07 
          1441   2.926074e-06   1.439431e-03   6.468460e-04   3.551062e-05   0.000000e+00   4.354454e-01   9.081374e-07 
          1461   2.828090e-06   1.442778e-03   6.563206e-04   3.511911e-05   0.000000e+00   4.390084e-01   9.060465e-07 
          1481   2.863525e-06   1.446302e-03   7.033582e-04   3.472720e-05   0.000000e+00   4.424587e-01   9.038266e-07 
          1501   2.831631e-06   1.449964e-03   7.871361e-04   3.432957e-05   0.000000e+00   4.457813e-01   9.014767e-07 
          1521   2.803266e-06   1.453610e-03   9.006517e-04   3.396640e-05   0.000000e+00   4.489579e-01   8.989338e-07 
          1541   2.848604e-06   1.457364e-03   8.510361e-04   3.354881e-05   0.000000e+00   4.520163e-01   8.962621e-07 
          1561   2.711471e-06   1.461172e-03   8.041007e-04   3.317402e-05   0.000000e+00   4.549255e-01   8.935047e-07 
          1581   2.750259e-06   1.465157e-03   7.816825e-04   3.280498e-05   0.000000e+00   4.577305e-01   8.906825e-07 
          1601   2.690633e-06   1.469237e-03   7.692419e-04   3.242839e-05   0.000000e+00   4.604115e-01   8.877838e-07 
          1621   2.580579e-06   1.473389e-03   7.607830e-04   3.207043e-05   0.000000e+00   4.629671e-01   8.848142e-07 
          1641   2.624785e-06   1.477588e-03   7.558198e-04   3.171473e-05   0.000000e+00   4.653982e-01   8.817813e-07 
          1661   2.447448e-06   1.481702e-03   7.164762e-04   3.136594e-05   0.000000e+00   4.676936e-01   8.786390e-07 
          1681   2.524951e-06   1.485846e-03   6.523982e-04   3.102282e-05   0.000000e+00   4.698724e-01   8.754281e-07 
          1701   2.463749e-06   1.490066e-03   6.534792e-04   3.068114e-05   0.000000e+00   4.719383e-01   8.722226e-07 
          1721   2.317515e-06   1.494321e-03   6.551160e-04   3.031599e-05   0.000000e+00   4.738894e-01   8.690124e-07 
          1741   2.356003e-06   1.498601e-03   6.904085e-04   2.999918e-05   0.000000e+00   4.757268e-01   8.657955e-07 
          1761   2.305756e-06   1.502886e-03   7.476888e-04   2.967028e-05   0.000000e+00   4.774527e-01   8.625734e-07 
          1781   2.227346e-06   1.507180e-03   8.156175e-04   2.936202e-05   0.000000e+00   4.790698e-01   8.593489e-07 
          1801   2.314663e-06   1.511270e-03   9.000582e-04   2.908780e-05   0.000000e+00   4.805505e-01   8.561091e-07 
          1821   2.258635e-06   1.515366e-03   9.671529e-04   2.878994e-05   0.000000e+00   4.819244e-01   8.528459e-07 
          1841   2.234309e-06   1.519533e-03   9.073049e-04   2.849143e-05   0.000000e+00   4.832194e-01   8.495182e-07 
          1861   2.245688e-06   1.523582e-03   8.842897e-04   2.820696e-05   0.000000e+00   4.843648e-01   8.461841e-07 
          1881   2.144094e-06   1.527702e-03   8.729526e-04   2.792223e-05   0.000000e+00   4.854417e-01   8.428527e-07 
          1901   2.177668e-06   1.531831e-03   8.686895e-04   2.762265e-05   0.000000e+00   4.864249e-01   8.395164e-07 
          1921   2.144392e-06   1.535913e-03   8.687666e-04   2.733790e-05   0.000000e+00   4.873080e-01   8.361773e-07 
          1941   2.062378e-06   1.539833e-03   8.541014e-04   2.705548e-05   0.000000e+00   4.880863e-01   8.328420e-07 
          1961   2.004076e-06   1.543700e-03   8.393070e-04   2.679820e-05   0.000000e+00   4.887500e-01   8.294956e-07 
          1981   2.080604e-06   1.547612e-03   8.344809e-04   2.653713e-05   0.000000e+00   4.893459e-01   8.261625e-07 
          2001   2.033177e-06   1.551481e-03   8.372200e-04   2.626662e-05   0.000000e+00   4.898498e-01   8.228363e-07 
          2021   1.872027e-06   1.555175e-03   8.624419e-04   2.595261e-05   0.000000e+00   4.902460e-01   8.195080e-07 
          2041   1.950410e-06   1.558824e-03   9.066526e-04   2.570905e-05   0.000000e+00   4.905581e-01   8.161422e-07 
          2061   1.867161e-06   1.562339e-03   9.417806e-04   2.540384e-05   0.000000e+00   4.907861e-01   8.127892e-07 
          2081   1.812467e-06   1.565851e-03   9.565411e-04   2.512020e-05   0.000000e+00   4.909400e-01   8.094769e-07 
          2101   1.928777e-06   1.569339e-03   9.851705e-04   2.484640e-05   0.000000e+00   4.910177e-01   8.062036e-07 
          2121   1.769899e-06   1.572767e-03   1.027758e-03   2.457035e-05   0.000000e+00   4.910143e-01   8.029666e-07 
          2141   1.826611e-06   1.576132e-03   1.073526e-03   2.428217e-05   0.000000e+00   4.909383e-01   7.997655e-07 
          2161   1.784179e-06   1.579237e-03   1.108870e-03   2.400574e-05   0.000000e+00   4.907389e-01   7.965539e-07 
          2181   1.728867e-06   1.582344e-03   1.131928e-03   2.372750e-05   0.000000e+00   4.905040e-01   7.933591e-07 
          2201   1.728832e-06   1.585393e-03   1.149631e-03   2.344193e-05   0.000000e+00   4.902052e-01   7.901861e-07 
          2221   1.720142e-06   1.588276e-03   1.139368e-03   2.317199e-05   0.000000e+00   4.898195e-01   7.870425e-07 
          2241   1.596181e-06   1.591142e-03   1.092383e-03   2.289724e-05   0.000000e+00   4.893678e-01   7.839200e-07 
          2261   1.627512e-06   1.594019e-03   1.043760e-03   2.262980e-05   0.000000e+00   4.888702e-01   7.808259e-07 
          2281   1.570745e-06   1.596847e-03   9.959637e-04   2.238588e-05   0.000000e+00   4.883130e-01   7.777607e-07 
          2301   1.619135e-06   1.599415e-03   9.459912e-04   2.212384e-05   0.000000e+00   4.876458e-01   7.746839e-07 
          2321   1.526276e-06   1.601889e-03   8.873694e-04   2.184055e-05   0.000000e+00   4.869422e-01   7.715895e-07 
          2341   1.506090e-06   1.604418e-03   8.334021e-04   2.158693e-05   0.000000e+00   4.861984e-01   7.685321e-07 
          2361   1.555011e-06   1.606912e-03   7.830236e-04   2.135243e-05   0.000000e+00   4.854023e-01   7.655128e-07 
          2381   1.409200e-06   1.609335e-03   7.359846e-04   2.108784e-05   0.000000e+00   4.845488e-01   7.625274e-07 
          2401   1.470342e-06   1.611493e-03   6.953952e-04   2.082902e-05   0.000000e+00   4.835925e-01   7.595487e-07 
          2421   1.412966e-06   1.613501e-03   6.699111e-04   2.057635e-05   0.000000e+00   4.825891e-01   7.565725e-07 
          2441   1.378583e-06   1.615525e-03   6.488033e-04   2.032817e-05   0.000000e+00   4.815589e-01   7.535905e-07 
          2461   1.403601e-06   1.617559e-03   6.323514e-04   2.006356e-05   0.000000e+00   4.804863e-01   7.506510e-07 
          2481   1.397095e-06   1.619558e-03   6.293222e-04   1.982113e-05   0.000000e+00   4.793686e-01   7.477461e-07 
          2501   1.327148e-06   1.621491e-03   6.392819e-04   1.957110e-05   0.000000e+00   4.782025e-01   7.448737e-07 
          2521   1.361940e-06   1.623360e-03   6.623513e-04   1.933465e-05   0.000000e+00   4.769939e-01   7.420360e-07 
          2541   1.254307e-06   1.625121e-03   6.989340e-04   1.908643e-05   0.000000e+00   4.757276e-01   7.392235e-07 
          2561   1.313940e-06   1.626756e-03   7.466500e-04   1.885169e-05   0.000000e+00   4.744243e-01   7.364132e-07 
          2581   1.301648e-06   1.628171e-03   7.961766e-04   1.862015e-05   0.000000e+00   4.730530e-01   7.336395e-07 
          2601   1.178574e-06   1.629439e-03   8.352743e-04   1.838951e-05   0.000000e+00   4.716212e-01   7.308797e-07 
          2621   1.318688e-06   1.630839e-03   8.635885e-04   1.818013e-05   0.000000e+00   4.701960e-01   7.281504e-07 
          2641   1.232483e-06   1.632108e-03   8.804373e-04   1.795538e-05   0.000000e+00   4.687132e-01   7.254255e-07 
          2661   1.137697e-06   1.633275e-03   8.784726e-04   1.770707e-05   0.000000e+00   4.671845e-01   7.226955e-07 
          2681   1.125181e-06   1.634483e-03   8.763938e-04   1.749588e-05   0.000000e+00   4.656483e-01   7.199522e-07 
          2701   1.132227e-06   1.635662e-03   8.771505e-04   1.728279e-05   0.000000e+00   4.640815e-01   7.172293e-07 
          2721   1.094718e-06   1.636795e-03   8.816798e-04   1.707620e-05   0.000000e+00   4.624785e-01   7.145383e-07 
          2741   1.057537e-06   1.637873e-03   8.861915e-04   1.684680e-05   0.000000e+00   4.608437e-01   7.118758e-07 
          2761   1.075569e-06   1.638714e-03   8.913314e-04   1.664197e-05   0.000000e+00   4.591524e-01   7.092288e-07 
          2781   1.026321e-06   1.639533e-03   8.932581e-04   1.644325e-05   0.000000e+00   4.574258e-01   7.065936e-07 
          2801   9.940167e-07   1.640335e-03   8.977903e-04   1.620355e-05   0.000000e+00   4.556877e-01   7.039669e-07 
          2821   1.013827e-06   1.640985e-03   9.032522e-04   1.600469e-05   0.000000e+00   4.538979e-01   7.013440e-07 
          2841   9.623446e-07   1.641666e-03   9.102639e-04   1.579505e-05   0.000000e+00   4.521012e-01   6.987624e-07 
          2861   9.793421e-07   1.642086e-03   9.218818e-04   1.558972e-05   0.000000e+00   4.502335e-01   6.961932e-07 
          2881   9.728853e-07   1.642507e-03   9.237506e-04   1.538773e-05   0.000000e+00   4.483584e-01   6.936426e-07 
          2901   9.256438e-07   1.643002e-03   9.277348e-04   1.517880e-05   0.000000e+00   4.464787e-01   6.911115e-07 
          2921   9.533747e-07   1.643313e-03   9.320720e-04   1.497708e-05   0.000000e+00   4.445538e-01   6.885779e-07 
          2941   9.416618e-07   1.643441e-03   9.262664e-04   1.477524e-05   0.000000e+00   4.425810e-01   6.860224e-07 
          2961   8.758386e-07   1.643576e-03   9.230809e-04   1.457026e-05   0.000000e+00   4.405985e-01   6.834919e-07 
          2981   9.283251e-07   1.643818e-03   9.201524e-04   1.437910e-05   0.000000e+00   4.386231e-01   6.809918e-07 
