test_historical_disconnected_tip_load_is_rejected_before_solver (test_structural_contract.StructuralContractTests.test_historical_disconnected_tip_load_is_rejected_before_solver) ... 
  test_historical_disconnected_tip_load_is_rejected_before_solver (test_structural_contract.StructuralContractTests.test_historical_disconnected_tip_load_is_rejected_before_solver) (model='minimax-live-v2') ... FAIL
  test_historical_disconnected_tip_load_is_rejected_before_solver (test_structural_contract.StructuralContractTests.test_historical_disconnected_tip_load_is_rejected_before_solver) (model='glm-live-v2') ... FAIL

======================================================================
FAIL: test_historical_disconnected_tip_load_is_rejected_before_solver (test_structural_contract.StructuralContractTests.test_historical_disconnected_tip_load_is_rejected_before_solver) (model='minimax-live-v2')
----------------------------------------------------------------------
Traceback (most recent call last):
  File "/Users/Zhuanz/projects/jerry-personal/JerryDSH-COMACBench/tests/test_structural_contract.py", line 45, in test_historical_disconnected_tip_load_is_rejected_before_solver
    self.assertEqual(result['validity_gate'], 0)
AssertionError: 1 != 0

======================================================================
FAIL: test_historical_disconnected_tip_load_is_rejected_before_solver (test_structural_contract.StructuralContractTests.test_historical_disconnected_tip_load_is_rejected_before_solver) (model='glm-live-v2')
----------------------------------------------------------------------
Traceback (most recent call last):
  File "/Users/Zhuanz/projects/jerry-personal/JerryDSH-COMACBench/tests/test_structural_contract.py", line 45, in test_historical_disconnected_tip_load_is_rejected_before_solver
    self.assertEqual(result['validity_gate'], 0)
AssertionError: 1 != 0

----------------------------------------------------------------------
Ran 1 test in 0.721s

FAILED (failures=2)
