test_mesh_material_boundary_and_load_faults (test_structural_contract.DeckAuditTests.test_mesh_material_boundary_and_load_faults) ... ok
test_native_solver_result_keeps_full_evidence_and_completed_audit (test_structural_contract.DeckAuditTests.test_native_solver_result_keeps_full_evidence_and_completed_audit) ... ok
test_reference_passes_all_six_engineering_checks (test_structural_contract.DeckAuditTests.test_reference_passes_all_six_engineering_checks) ... ok
test_historical_disconnected_tip_load_is_rejected_before_solver (test_structural_contract.StructuralContractTests.test_historical_disconnected_tip_load_is_rejected_before_solver) ... ok
test_malformed_or_conflicting_contract_blocks_contribution (test_structural_contract.StructuralPackTests.test_malformed_or_conflicting_contract_blocks_contribution) ... FAIL
test_structural_pack_maps_all_six_checks (test_structural_contract.StructuralPackTests.test_structural_pack_maps_all_six_checks) ... FAIL

======================================================================
FAIL: test_malformed_or_conflicting_contract_blocks_contribution (test_structural_contract.StructuralPackTests.test_malformed_or_conflicting_contract_blocks_contribution)
----------------------------------------------------------------------
Traceback (most recent call last):
  File "/Users/Zhuanz/projects/jerry-personal/JerryDSH-COMACBench/tests/test_structural_contract.py", line 125, in test_malformed_or_conflicting_contract_blocks_contribution
    self.assertTrue(any(i['code'] in {'invalid_deck_contract', 'deck_reference_mismatch', 'unknown_expected_issue'} for i in result['issues']), result['issues'])
AssertionError: False is not true : [{'code': 'partial_engineering_gate', 'severity': 'review', 'field': 'tasks/aviation.structures/beam_static_01.yaml:grader', 'message': '当前核验实际求解与数值输出；网格、边界条件、材料与工况并未逐项独立审查。', 'suggested_fix': '限制结论范围；增加对应检查器和故障负例后才能升级工程声明。', 'task_id': 'beam_static_01'}, {'code': 'unknown_check', 'severity': 'blocker', 'field': 'tasks/aviation.structures/beam_static_01.yaml:evaluation.requirements', 'message': '未知的判分检查引用。', 'suggested_fix': '使用实际检查 ID。', 'task_id': 'beam_static_01'}, {'code': 'unknown_check', 'severity': 'blocker', 'field': 'tasks/aviation.structures/beam_static_01.yaml:evaluation.requirements', 'message': '未知的判分检查引用。', 'suggested_fix': '使用实际检查 ID。', 'task_id': 'beam_static_01'}, {'code': 'unknown_check', 'severity': 'blocker', 'field': 'tasks/aviation.structures/beam_static_01.yaml:evaluation.requirements', 'message': '未知的判分检查引用。', 'suggested_fix': '使用实际检查 ID。', 'task_id': 'beam_static_01'}, {'code': 'unknown_check', 'severity': 'blocker', 'field': 'tasks/aviation.structures/beam_static_01.yaml:evaluation.requirements', 'message': '未知的判分检查引用。', 'suggested_fix': '使用实际检查 ID。', 'task_id': 'beam_static_01'}, {'code': 'unknown_check', 'severity': 'blocker', 'field': 'tasks/aviation.structures/beam_static_01.yaml:evaluation.requirements', 'message': '未知的判分检查引用。', 'suggested_fix': '使用实际检查 ID。', 'task_id': 'beam_static_01'}, {'code': 'unknown_check', 'severity': 'blocker', 'field': 'tasks/aviation.structures/beam_static_01.yaml:evaluation.requirements', 'message': '未知的判分检查引用。', 'suggested_fix': '使用实际检查 ID。', 'task_id': 'beam_static_01'}, {'code': 'expert_review_required', 'severity': 'review', 'field': 'pack', 'message': '静态检查不证明题意、工程真值与判分语义一致；当前包未完成发布审查。', 'suggested_fix': '校准参考实现和错误负例，再进行工程专家审查。', 'task_id': None}]

======================================================================
FAIL: test_structural_pack_maps_all_six_checks (test_structural_contract.StructuralPackTests.test_structural_pack_maps_all_six_checks)
----------------------------------------------------------------------
Traceback (most recent call last):
  File "/Users/Zhuanz/projects/jerry-personal/JerryDSH-COMACBench/tests/test_structural_contract.py", line 105, in test_structural_pack_maps_all_six_checks
    self.assertTrue(result['runnable'], result['issues'])
AssertionError: False is not true : [{'code': 'partial_engineering_gate', 'severity': 'review', 'field': 'tasks/aviation.structures/beam_static_01.yaml:grader', 'message': '当前核验实际求解与数值输出；网格、边界条件、材料与工况并未逐项独立审查。', 'suggested_fix': '限制结论范围；增加对应检查器和故障负例后才能升级工程声明。', 'task_id': 'beam_static_01'}, {'code': 'unknown_check', 'severity': 'blocker', 'field': 'tasks/aviation.structures/beam_static_01.yaml:evaluation.requirements', 'message': '未知的判分检查引用。', 'suggested_fix': '使用实际检查 ID。', 'task_id': 'beam_static_01'}, {'code': 'unknown_check', 'severity': 'blocker', 'field': 'tasks/aviation.structures/beam_static_01.yaml:evaluation.requirements', 'message': '未知的判分检查引用。', 'suggested_fix': '使用实际检查 ID。', 'task_id': 'beam_static_01'}, {'code': 'unknown_check', 'severity': 'blocker', 'field': 'tasks/aviation.structures/beam_static_01.yaml:evaluation.requirements', 'message': '未知的判分检查引用。', 'suggested_fix': '使用实际检查 ID。', 'task_id': 'beam_static_01'}, {'code': 'unknown_check', 'severity': 'blocker', 'field': 'tasks/aviation.structures/beam_static_01.yaml:evaluation.requirements', 'message': '未知的判分检查引用。', 'suggested_fix': '使用实际检查 ID。', 'task_id': 'beam_static_01'}, {'code': 'unknown_check', 'severity': 'blocker', 'field': 'tasks/aviation.structures/beam_static_01.yaml:evaluation.requirements', 'message': '未知的判分检查引用。', 'suggested_fix': '使用实际检查 ID。', 'task_id': 'beam_static_01'}, {'code': 'unknown_check', 'severity': 'blocker', 'field': 'tasks/aviation.structures/beam_static_01.yaml:evaluation.requirements', 'message': '未知的判分检查引用。', 'suggested_fix': '使用实际检查 ID。', 'task_id': 'beam_static_01'}, {'code': 'expert_review_required', 'severity': 'review', 'field': 'pack', 'message': '静态检查不证明题意、工程真值与判分语义一致；当前包未完成发布审查。', 'suggested_fix': '校准参考实现和错误负例，再进行工程专家审查。', 'task_id': None}]

----------------------------------------------------------------------
Ran 6 tests in 0.628s

FAILED (failures=2)
